23:30:35 **** Incremental Build of configuration Debug for project domaci ****
make -j12 all 
arm-none-eabi-gcc "../Core/Src/main.c" -mcpu=cortex-m3 -std=gnu11 -g3 -DDEBUG -DUSE_HAL_DRIVER -DSTM32F103x6 -c -I../Core/Inc -I../Drivers/STM32F1xx_HAL_Driver/Inc/Legacy -I../Drivers/STM32F1xx_HAL_Driver/Inc -I../Drivers/CMSIS/Device/ST/STM32F1xx/Include -I../Drivers/CMSIS/Include -O0 -ffunction-sections -fdata-sections -Wall -fstack-usage -fcyclomatic-complexity -MMD -MP -MF"Core/Src/main.d" -MT"Core/Src/main.o" --specs=nano.specs -mfloat-abi=soft -mthumb -o "Core/Src/main.o"
arm-none-eabi-gcc -o "domaci.elf" @"objects.list"   -mcpu=cortex-m3 -T"D:\STMsilumator\domaci\STM32F103C6TX_FLASH.ld" --specs=nosys.specs -Wl,-Map="domaci.map" -Wl,--gc-sections -static --specs=nano.specs -mfloat-abi=soft -mthumb -Wl,--start-group -lc -lm -Wl,--end-group
Finished building target: domaci.elf
 
arm-none-eabi-size   domaci.elf 
arm-none-eabi-objdump -h -S  domaci.elf  > "domaci.list"
arm-none-eabi-objcopy  -O ihex  domaci.elf  "domaci.hex"
   text	   data	    bss	    dec	    hex	filename
   4628	     20	   1572	   6220	   184c	domaci.elf
arm-none-eabi-objcopy  -O binary  domaci.elf  "domaci.bin"
Finished building: default.size.stdout
 
Finished building: domaci.hex
Finished building: domaci.bin
Finished building: domaci.list
 
 
 

23:30:36 Build Finished. 0 errors, 0 warnings. (took 780ms)

